// Jest Snapshot v1, https://goo.gl/fbAQLP

exports[`renders without crashing 1`] = `
"<App energyUsage={{...}}>
  <div className=\\"App\\">
    <header className=\\"App-header\\">
      <img src={[undefined]} className=\\"App-logo\\" alt=\\"logo\\" />
      <styled.h1>
        <h1 className=\\"sc-bdVaJa gLMRiV\\">
          Bulb Frontend Challenge
        </h1>
      </styled.h1>
    </header>
    <p className=\\"App-intro\\">
      To get started, edit 
      <code>
        src/App.js
      </code>
       and save to reload.
    </p>
    []
  </div>
</App>"
`;
